Microsoft Windows [Version 10.0.22621.2134]
(c) Microsoft Corporation. All rights reserved.

C:\Users\HP>git clone git://github.com/Radiomics/pyradiomics
Cloning into 'pyradiomics'...
fatal: unable to connect to github.com:
github.com[0: 20.207.73.82]: errno=Unknown error


C:\Users\HP>git clone git://github.com/Radiomics/pyradiomics
Cloning into 'pyradiomics'...
fatal: unable to connect to github.com:
github.com[0: 20.207.73.82]: errno=Unknown error


C:\Users\HP>git clone git://github.com/Radiomics/pyradiomics
Cloning into 'pyradiomics'...
fatal: unable to connect to github.com:
github.com[0: 20.207.73.82]: errno=Unknown error


C:\Users\HP>python -m pip install pyradiomics
WARNING: Ignoring invalid distribution -ip (c:\python310\lib\site-packages)
WARNING: Ignoring invalid distribution - (c:\python310\lib\site-packages)
WARNING: Ignoring invalid distribution -ip (c:\python310\lib\site-packages)
WARNING: Ignoring invalid distribution - (c:\python310\lib\site-packages)
Requirement already satisfied: pyradiomics in c:\python310\lib\site-packages (3.0.1)
Requirement already satisfied: numpy>=1.9.2 in c:\python310\lib\site-packages (from pyradiomics) (1.23.4)
Requirement already satisfied: SimpleITK>=0.9.1 in c:\python310\lib\site-packages (from pyradiomics) (2.2.1)
Requirement already satisfied: PyWavelets>=0.4.0 in c:\python310\lib\site-packages (from pyradiomics) (1.4.1)
Requirement already satisfied: pykwalify>=1.6.0 in c:\python310\lib\site-packages (from pyradiomics) (1.8.0)
Requirement already satisfied: six>=1.10.0 in c:\python310\lib\site-packages (from pyradiomics) (1.16.0)
Requirement already satisfied: python-dateutil>=2.8.0 in c:\python310\lib\site-packages (from pykwalify>=1.6.0->pyradiomics) (2.8.2)
Requirement already satisfied: ruamel.yaml>=0.16.0 in c:\python310\lib\site-packages (from pykwalify>=1.6.0->pyradiomics) (0.17.32)
Requirement already satisfied: docopt>=0.6.2 in c:\python310\lib\site-packages (from pykwalify>=1.6.0->pyradiomics) (0.6.2)
Requirement already satisfied: ruamel.yaml.clib>=0.2.7 in c:\python310\lib\site-packages (from ruamel.yaml>=0.16.0->pykwalify>=1.6.0->pyradiomics) (0.2.7)
WARNING: Ignoring invalid distribution -ip (c:\python310\lib\site-packages)
WARNING: Ignoring invalid distribution - (c:\python310\lib\site-packages)
WARNING: Ignoring invalid distribution -ip (c:\python310\lib\site-packages)
WARNING: Ignoring invalid distribution - (c:\python310\lib\site-packages)

[notice] A new release of pip is available: 23.0.1 -> 23.2.1
[notice] To update, run: python.exe -m pip install --upgrade pip

C:\Users\HP>pip install pydicom
WARNING: Ignoring invalid distribution -ip (c:\python310\lib\site-packages)
WARNING: Ignoring invalid distribution - (c:\python310\lib\site-packages)
WARNING: Ignoring invalid distribution -ip (c:\python310\lib\site-packages)
WARNING: Ignoring invalid distribution - (c:\python310\lib\site-packages)
Collecting pydicom
  Downloading pydicom-2.4.2-py3-none-any.whl (1.8 MB)
     ━━━━━━━━━━━━━━━━━━━━━━━━━━━━━━━━━━━━━━━━ 1.8/1.8 MB 5.9 MB/s eta 0:00:00
WARNING: Ignoring invalid distribution -ip (c:\python310\lib\site-packages)
WARNING: Ignoring invalid distribution - (c:\python310\lib\site-packages)
Installing collected packages: pydicom
  WARNING: Failed to write executable - trying to use .deleteme logic
ERROR: Could not install packages due to an OSError: [WinError 2] The system cannot find the file specified: 'C:\\Python310\\Scripts\\pydicom.exe' -> 'C:\\Python310\\Scripts\\pydicom.exe.deleteme'

WARNING: Ignoring invalid distribution -ip (c:\python310\lib\site-packages)
WARNING: Ignoring invalid distribution - (c:\python310\lib\site-packages)

[notice] A new release of pip is available: 23.0.1 -> 23.2.1
[notice] To update, run: python.exe -m pip install --upgrade pip

C:\Users\HP>pip install pydicom
WARNING: Ignoring invalid distribution -ip (c:\python310\lib\site-packages)
WARNING: Ignoring invalid distribution - (c:\python310\lib\site-packages)
WARNING: Ignoring invalid distribution -ip (c:\python310\lib\site-packages)
WARNING: Ignoring invalid distribution - (c:\python310\lib\site-packages)
Requirement already satisfied: pydicom in c:\python310\lib\site-packages (2.4.2)
WARNING: Ignoring invalid distribution -ip (c:\python310\lib\site-packages)
WARNING: Ignoring invalid distribution - (c:\python310\lib\site-packages)
WARNING: Ignoring invalid distribution -ip (c:\python310\lib\site-packages)
WARNING: Ignoring invalid distribution - (c:\python310\lib\site-packages)

[notice] A new release of pip is available: 23.0.1 -> 23.2.1
[notice] To update, run: python.exe -m pip install --upgrade pip

C:\Users\HP>pip install matplotlib
WARNING: Ignoring invalid distribution -ip (c:\python310\lib\site-packages)
WARNING: Ignoring invalid distribution - (c:\python310\lib\site-packages)
WARNING: Ignoring invalid distribution -ip (c:\python310\lib\site-packages)
WARNING: Ignoring invalid distribution - (c:\python310\lib\site-packages)
Collecting matplotlib
  Using cached matplotlib-3.7.2-cp310-cp310-win_amd64.whl (7.5 MB)
Collecting cycler>=0.10
  Using cached cycler-0.11.0-py3-none-any.whl (6.4 kB)
Requirement already satisfied: numpy>=1.20 in c:\python310\lib\site-packages (from matplotlib) (1.23.4)
Requirement already satisfied: pillow>=6.2.0 in c:\python310\lib\site-packages (from matplotlib) (10.0.0)
Requirement already satisfied: pyparsing<3.1,>=2.3.1 in c:\python310\lib\site-packages (from matplotlib) (3.0.9)
Requirement already satisfied: kiwisolver>=1.0.1 in c:\python310\lib\site-packages (from matplotlib) (1.4.4)
Requirement already satisfied: python-dateutil>=2.7 in c:\python310\lib\site-packages (from matplotlib) (2.8.2)
Requirement already satisfied: fonttools>=4.22.0 in c:\python310\lib\site-packages (from matplotlib) (4.42.0)
Requirement already satisfied: packaging>=20.0 in c:\python310\lib\site-packages (from matplotlib) (23.0)
Collecting contourpy>=1.0.1
  Using cached contourpy-1.1.0-cp310-cp310-win_amd64.whl (470 kB)
Requirement already satisfied: six>=1.5 in c:\python310\lib\site-packages (from python-dateutil>=2.7->matplotlib) (1.16.0)
WARNING: Ignoring invalid distribution -ip (c:\python310\lib\site-packages)
WARNING: Ignoring invalid distribution - (c:\python310\lib\site-packages)
Installing collected packages: cycler, contourpy, matplotlib
WARNING: Ignoring invalid distribution -ip (c:\python310\lib\site-packages)
WARNING: Ignoring invalid distribution - (c:\python310\lib\site-packages)
WARNING: Ignoring invalid distribution -ip (c:\python310\lib\site-packages)
WARNING: Ignoring invalid distribution - (c:\python310\lib\site-packages)
WARNING: Ignoring invalid distribution -ip (c:\python310\lib\site-packages)
WARNING: Ignoring invalid distribution - (c:\python310\lib\site-packages)
Successfully installed contourpy-1.1.0 cycler-0.11.0 matplotlib-3.7.2
WARNING: Ignoring invalid distribution -ip (c:\python310\lib\site-packages)
WARNING: Ignoring invalid distribution - (c:\python310\lib\site-packages)

[notice] A new release of pip is available: 23.0.1 -> 23.2.1
[notice] To update, run: python.exe -m pip install --upgrade pip

C:\Users\HP>pip install pyradiomics
WARNING: Ignoring invalid distribution -ip (c:\python310\lib\site-packages)
WARNING: Ignoring invalid distribution - (c:\python310\lib\site-packages)
WARNING: Ignoring invalid distribution -ip (c:\python310\lib\site-packages)
WARNING: Ignoring invalid distribution - (c:\python310\lib\site-packages)
Requirement already satisfied: pyradiomics in c:\python310\lib\site-packages (3.0.1)
Requirement already satisfied: numpy>=1.9.2 in c:\python310\lib\site-packages (from pyradiomics) (1.23.4)
Requirement already satisfied: SimpleITK>=0.9.1 in c:\python310\lib\site-packages (from pyradiomics) (2.2.1)
Requirement already satisfied: PyWavelets>=0.4.0 in c:\python310\lib\site-packages (from pyradiomics) (1.4.1)
Requirement already satisfied: pykwalify>=1.6.0 in c:\python310\lib\site-packages (from pyradiomics) (1.8.0)
Requirement already satisfied: six>=1.10.0 in c:\python310\lib\site-packages (from pyradiomics) (1.16.0)
Requirement already satisfied: ruamel.yaml>=0.16.0 in c:\python310\lib\site-packages (from pykwalify>=1.6.0->pyradiomics) (0.17.32)
Requirement already satisfied: docopt>=0.6.2 in c:\python310\lib\site-packages (from pykwalify>=1.6.0->pyradiomics) (0.6.2)
Requirement already satisfied: python-dateutil>=2.8.0 in c:\python310\lib\site-packages (from pykwalify>=1.6.0->pyradiomics) (2.8.2)
Requirement already satisfied: ruamel.yaml.clib>=0.2.7 in c:\python310\lib\site-packages (from ruamel.yaml>=0.16.0->pykwalify>=1.6.0->pyradiomics) (0.2.7)
WARNING: Ignoring invalid distribution -ip (c:\python310\lib\site-packages)
WARNING: Ignoring invalid distribution - (c:\python310\lib\site-packages)
WARNING: Ignoring invalid distribution -ip (c:\python310\lib\site-packages)
WARNING: Ignoring invalid distribution - (c:\python310\lib\site-packages)

[notice] A new release of pip is available: 23.0.1 -> 23.2.1
[notice] To update, run: python.exe -m pip install --upgrade pip

C:\Users\HP>pip install dicom2nifti
WARNING: Ignoring invalid distribution -ip (c:\python310\lib\site-packages)
WARNING: Ignoring invalid distribution - (c:\python310\lib\site-packages)
WARNING: Ignoring invalid distribution -ip (c:\python310\lib\site-packages)
WARNING: Ignoring invalid distribution - (c:\python310\lib\site-packages)
Collecting dicom2nifti
  Downloading dicom2nifti-2.4.8-py3-none-any.whl (43 kB)
     ━━━━━━━━━━━━━━━━━━━━━━━━━━━━━━━━━━━━━━━━ 43.6/43.6 kB 2.1 MB/s eta 0:00:00
Requirement already satisfied: pydicom>=2.2.0 in c:\python310\lib\site-packages (from dicom2nifti) (2.4.2)
Collecting scipy
  Downloading scipy-1.11.1-cp310-cp310-win_amd64.whl (44.0 MB)
     ━━━━━━━━━━━━━━━━━━━━━━━━━━━━━━━━━━━━━━━━ 44.0/44.0 MB 10.4 MB/s eta 0:00:00
Collecting nibabel
  Downloading nibabel-5.1.0-py3-none-any.whl (3.3 MB)
     ━━━━━━━━━━━━━━━━━━━━━━━━━━━━━━━━━━━━━━━━ 3.3/3.3 MB 12.4 MB/s eta 0:00:00
Requirement already satisfied: numpy in c:\python310\lib\site-packages (from dicom2nifti) (1.23.4)
Collecting python-gdcm
  Downloading python_gdcm-3.0.22-cp310-cp310-win_amd64.whl (27.2 MB)
     ━━━━━━━━━━━━━━━━━━━━━━━━━━━━━━━━━━━━━━━━ 27.2/27.2 MB 1.1 MB/s eta 0:00:00
Requirement already satisfied: packaging>=17 in c:\python310\lib\site-packages (from nibabel->dicom2nifti) (23.0)
WARNING: Ignoring invalid distribution -ip (c:\python310\lib\site-packages)
WARNING: Ignoring invalid distribution - (c:\python310\lib\site-packages)
Installing collected packages: scipy, python-gdcm, nibabel, dicom2nifti
ERROR: Could not install packages due to an OSError: [Errno 13] Permission denied: 'C:\\Python310\\Scripts\\gdcmanon'
Consider using the `--user` option or check the permissions.

WARNING: Ignoring invalid distribution -ip (c:\python310\lib\site-packages)
WARNING: Ignoring invalid distribution - (c:\python310\lib\site-packages)

[notice] A new release of pip is available: 23.0.1 -> 23.2.1
[notice] To update, run: python.exe -m pip install --upgrade pip

C:\Users\HP>pip install dicom2nifti
WARNING: Ignoring invalid distribution -ip (c:\python310\lib\site-packages)
WARNING: Ignoring invalid distribution - (c:\python310\lib\site-packages)
WARNING: Ignoring invalid distribution -ip (c:\python310\lib\site-packages)
WARNING: Ignoring invalid distribution - (c:\python310\lib\site-packages)
Collecting dicom2nifti
  Using cached dicom2nifti-2.4.8-py3-none-any.whl (43 kB)
Requirement already satisfied: python-gdcm in c:\python310\lib\site-packages (from dicom2nifti) (3.0.22)
Requirement already satisfied: pydicom>=2.2.0 in c:\python310\lib\site-packages (from dicom2nifti) (2.4.2)
Requirement already satisfied: numpy in c:\python310\lib\site-packages (from dicom2nifti) (1.23.4)
Requirement already satisfied: scipy in c:\python310\lib\site-packages (from dicom2nifti) (1.11.1)
Collecting nibabel
  Using cached nibabel-5.1.0-py3-none-any.whl (3.3 MB)
Requirement already satisfied: packaging>=17 in c:\python310\lib\site-packages (from nibabel->dicom2nifti) (23.0)
WARNING: Ignoring invalid distribution -ip (c:\python310\lib\site-packages)
WARNING: Ignoring invalid distribution - (c:\python310\lib\site-packages)
Installing collected packages: nibabel, dicom2nifti
  WARNING: Failed to write executable - trying to use .deleteme logic
ERROR: Could not install packages due to an OSError: [WinError 2] The system cannot find the file specified: 'C:\\Python310\\Scripts\\nib-conform.exe' -> 'C:\\Python310\\Scripts\\nib-conform.exe.deleteme'

WARNING: Ignoring invalid distribution -ip (c:\python310\lib\site-packages)
WARNING: Ignoring invalid distribution - (c:\python310\lib\site-packages)

[notice] A new release of pip is available: 23.0.1 -> 23.2.1
[notice] To update, run: python.exe -m pip install --upgrade pip

C:\Users\HP>pip install dicom2nifti
WARNING: Ignoring invalid distribution -ip (c:\python310\lib\site-packages)
WARNING: Ignoring invalid distribution - (c:\python310\lib\site-packages)
WARNING: Ignoring invalid distribution -ip (c:\python310\lib\site-packages)
WARNING: Ignoring invalid distribution - (c:\python310\lib\site-packages)
Collecting dicom2nifti
  Using cached dicom2nifti-2.4.8-py3-none-any.whl (43 kB)
Requirement already satisfied: scipy in c:\python310\lib\site-packages (from dicom2nifti) (1.11.1)
Requirement already satisfied: pydicom>=2.2.0 in c:\python310\lib\site-packages (from dicom2nifti) (2.4.2)
Requirement already satisfied: python-gdcm in c:\python310\lib\site-packages (from dicom2nifti) (3.0.22)
Requirement already satisfied: nibabel in c:\python310\lib\site-packages (from dicom2nifti) (5.1.0)
Requirement already satisfied: numpy in c:\python310\lib\site-packages (from dicom2nifti) (1.23.4)
Requirement already satisfied: packaging>=17 in c:\python310\lib\site-packages (from nibabel->dicom2nifti) (23.0)
WARNING: Ignoring invalid distribution -ip (c:\python310\lib\site-packages)
WARNING: Ignoring invalid distribution - (c:\python310\lib\site-packages)
Installing collected packages: dicom2nifti
ERROR: Could not install packages due to an OSError: [Errno 13] Permission denied: 'C:\\Python310\\Scripts\\dicom2nifti'
Consider using the `--user` option or check the permissions.

WARNING: Ignoring invalid distribution -ip (c:\python310\lib\site-packages)
WARNING: Ignoring invalid distribution - (c:\python310\lib\site-packages)

[notice] A new release of pip is available: 23.0.1 -> 23.2.1
[notice] To update, run: python.exe -m pip install --upgrade pip

C:\Users\HP>pip install dicom2nifti
WARNING: Ignoring invalid distribution -ip (c:\python310\lib\site-packages)
WARNING: Ignoring invalid distribution - (c:\python310\lib\site-packages)
WARNING: Ignoring invalid distribution -ip (c:\python310\lib\site-packages)
WARNING: Ignoring invalid distribution - (c:\python310\lib\site-packages)
Requirement already satisfied: dicom2nifti in c:\python310\lib\site-packages (2.4.8)
Requirement already satisfied: pydicom>=2.2.0 in c:\python310\lib\site-packages (from dicom2nifti) (2.4.2)
Requirement already satisfied: python-gdcm in c:\python310\lib\site-packages (from dicom2nifti) (3.0.22)
Requirement already satisfied: numpy in c:\python310\lib\site-packages (from dicom2nifti) (1.23.4)
Requirement already satisfied: nibabel in c:\python310\lib\site-packages (from dicom2nifti) (5.1.0)
Requirement already satisfied: scipy in c:\python310\lib\site-packages (from dicom2nifti) (1.11.1)
Requirement already satisfied: packaging>=17 in c:\python310\lib\site-packages (from nibabel->dicom2nifti) (23.0)
WARNING: Ignoring invalid distribution -ip (c:\python310\lib\site-packages)
WARNING: Ignoring invalid distribution - (c:\python310\lib\site-packages)
WARNING: Ignoring invalid distribution -ip (c:\python310\lib\site-packages)
WARNING: Ignoring invalid distribution - (c:\python310\lib\site-packages)

[notice] A new release of pip is available: 23.0.1 -> 23.2.1
[notice] To update, run: python.exe -m pip install --upgrade pip

C:\Users\HP>pip install dicom2nifti
WARNING: Ignoring invalid distribution -ip (c:\python310\lib\site-packages)
WARNING: Ignoring invalid distribution - (c:\python310\lib\site-packages)
WARNING: Ignoring invalid distribution -ip (c:\python310\lib\site-packages)
WARNING: Ignoring invalid distribution - (c:\python310\lib\site-packages)
Requirement already satisfied: dicom2nifti in c:\python310\lib\site-packages (2.4.8)
Requirement already satisfied: scipy in c:\python310\lib\site-packages (from dicom2nifti) (1.11.1)
Requirement already satisfied: python-gdcm in c:\python310\lib\site-packages (from dicom2nifti) (3.0.22)
Requirement already satisfied: pydicom>=2.2.0 in c:\python310\lib\site-packages (from dicom2nifti) (2.4.2)
Requirement already satisfied: numpy in c:\python310\lib\site-packages (from dicom2nifti) (1.23.4)
Requirement already satisfied: nibabel in c:\python310\lib\site-packages (from dicom2nifti) (5.1.0)
Requirement already satisfied: packaging>=17 in c:\python310\lib\site-packages (from nibabel->dicom2nifti) (23.0)
WARNING: Ignoring invalid distribution -ip (c:\python310\lib\site-packages)
WARNING: Ignoring invalid distribution - (c:\python310\lib\site-packages)
WARNING: Ignoring invalid distribution -ip (c:\python310\lib\site-packages)
WARNING: Ignoring invalid distribution - (c:\python310\lib\site-packages)

[notice] A new release of pip is available: 23.0.1 -> 23.2.1
[notice] To update, run: python.exe -m pip install --upgrade pip

C:\Users\HP>